// Jest Snapshot v1, https://goo.gl/fbAQLP

exports[`PrivateRoute renders with default ui 1`] = `
<MemoryRouter
  initialEntries={
    Array [
      Object {
        "key": "test",
        "pathname": "/",
      },
    ]
  }
>
  <Router
    history={
      Object {
        "action": "POP",
        "block": [Function],
        "canGo": [Function],
        "createHref": [Function],
        "entries": Array [
          Object {
            "hash": "",
            "key": "test",
            "pathname": "/",
            "search": "",
          },
        ],
        "go": [Function],
        "goBack": [Function],
        "goForward": [Function],
        "index": 0,
        "length": 1,
        "listen": [Function],
        "location": Object {
          "hash": "",
          "key": "test",
          "pathname": "/",
          "search": "",
        },
        "push": [Function],
        "replace": [Function],
      }
    }
  >
    <PrivateRoute
      component={[Function]}
      key="test"
      path="/"
      unauthenticated={[Function]}
    >
      <Route
        path="/"
        render={[Function]}
      >
        <DummyComponent
          history={
            Object {
              "action": "POP",
              "block": [Function],
              "canGo": [Function],
              "createHref": [Function],
              "entries": Array [
                Object {
                  "hash": "",
                  "key": "test",
                  "pathname": "/",
                  "search": "",
                },
              ],
              "go": [Function],
              "goBack": [Function],
              "goForward": [Function],
              "index": 0,
              "length": 1,
              "listen": [Function],
              "location": Object {
                "hash": "",
                "key": "test",
                "pathname": "/",
                "search": "",
              },
              "push": [Function],
              "replace": [Function],
            }
          }
          location={
            Object {
              "hash": "",
              "key": "test",
              "pathname": "/",
              "search": "",
            }
          }
          match={
            Object {
              "isExact": true,
              "params": Object {},
              "path": "/",
              "url": "/",
            }
          }
        >
          <div>
            DummyComponent
          </div>
        </DummyComponent>
      </Route>
    </PrivateRoute>
  </Router>
</MemoryRouter>
`;
